
*** crates/acrylius-core/src/core.rs:881:9: replace Core::pairing_attempt_failed with ()

*** mutation diff:
--- crates/acrylius-core/src/core.rs
+++ replace Core::pairing_attempt_failed with ()
@@ -873,29 +873,17 @@
         out.push(Action::Close {
             link: a.link,
             reason: LinkDownReason::Closed,
         });
         self.links.remove(&a.link);
     }
 
     fn pairing_attempt_failed(&mut self, link: LinkId, out: &mut Outcome) {
-        let burned = if let Some(w) = &mut self.pairing {
-            w.attempts += 1;
-            w.attempts >= self.config.max_pairing_attempts
-        } else {
-            false
-        };
-        self.fail_link(link, "pairing handshake failed", out);
-        if burned {
-            self.pairing = None;
-            out.ui(UiEvent::PairingFailed {
-                reason: "too many failed attempts; the window is closed".to_string(),
-            });
-        }
+        () /* ~ changed by cargo-mutants ~ */
     }
 
     fn peer_blob(rec: &PeerRecord) -> (String, Option<Vec<u8>>) {
         (
             format!("peer/{}", rec.device_id),
             Some(minicbor::to_vec(rec).expect("peer record encodes")),
         )
     }


*** /usr/bin/cargo test --no-run --verbose --package=acrylius-core@0.1.0
       Fresh version_check v0.9.5
       Fresh unicode-ident v1.0.24
       Fresh typenum v1.20.1
       Fresh subtle v2.6.1
       Fresh cfg-if v1.0.4
       Fresh cpufeatures v0.2.17
       Fresh semver v1.0.28
       Fresh opaque-debug v0.3.1
       Fresh shlex v2.0.1
       Fresh find-msvc-tools v0.1.11
       Fresh proc-macro2 v1.0.107
       Fresh rustc_version v0.4.1
       Fresh cc v1.4.4
       Fresh once_cell v1.21.4
       Fresh untrusted v0.9.0
       Fresh rand_core v0.6.4
       Fresh pin-project-lite v0.2.17
       Fresh quote v1.0.47
       Fresh generic-array v0.14.7
       Fresh libc v0.2.189
       Fresh tracing-core v0.1.36
       Fresh crypto-common v0.1.7
       Fresh syn v2.0.119
       Fresh inout v0.1.4
       Fresh block-buffer v0.10.4
       Fresh syn v3.0.4
       Fresh getrandom v0.2.17
       Fresh getrandom v0.3.4
       Fresh zeroize_derive v1.5.0
       Fresh universal-hash v0.5.1
       Fresh digest v0.10.7
       Fresh aead v0.5.2
       Fresh curve25519-dalek-derive v0.1.1
       Fresh minicbor-derive v0.19.5
       Fresh thiserror-impl v2.0.20
       Fresh ring v0.17.14
       Fresh tracing-attributes v0.1.31
       Fresh zeroize v1.9.0
       Fresh polyval v0.6.2
       Fresh poly1305 v0.8.0
       Fresh sha2 v0.10.9
       Fresh hmac v0.12.1
       Fresh thiserror v2.0.20
       Fresh blake2 v0.10.6
       Fresh minicbor v2.3.0
       Fresh tracing v0.1.44
       Fresh cipher v0.4.4
       Fresh curve25519-dalek v4.1.3
       Fresh ghash v0.5.1
       Fresh hkdf v0.12.4
       Fresh chacha20 v0.9.1
       Fresh ctr v0.9.2
       Fresh aes v0.8.4
       Fresh x25519-dalek v2.0.1
       Fresh chacha20poly1305 v0.10.1
       Fresh aes-gcm v0.10.3
       Fresh acrylius-proto v0.1.0 (/tmp/cargo-mutants-acrylius-DSWymY.tmp/crates/acrylius-proto)
       Fresh snow v0.10.0
       Dirty acrylius-core v0.1.0 (/tmp/cargo-mutants-acrylius-DSWymY.tmp/crates/acrylius-core): the file `crates/acrylius-core/src/core.rs` has changed (1787842550.252904046s, 1s after last build at 1787842549.463747993s)
   Compiling acrylius-core v0.1.0 (/tmp/cargo-mutants-acrylius-DSWymY.tmp/crates/acrylius-core)
     Running `rustc --crate-name acrylius_core --edition=2024 crates/acrylius-core/src/lib.rs --error-format=json --json=diagnostic-rendered-ansi,artifacts,future-incompat --emit=dep-info,link -C embed-bitcode=no -C debuginfo=2 '--deny=clippy::all' --forbid=unsafe_code --test --check-cfg 'cfg(docsrs,test)' --check-cfg 'cfg(feature, values())' -C metadata=1f146e29c7bc7774 -C extra-filename=-fe560969f6fd3877 --out-dir /tmp/cargo-mutants-acrylius-DSWymY.tmp/target/debug/deps -C incremental=/tmp/cargo-mutants-acrylius-DSWymY.tmp/target/debug/incremental -L dependency=/tmp/cargo-mutants-acrylius-DSWymY.tmp/target/debug/deps --extern acrylius_proto=/tmp/cargo-mutants-acrylius-DSWymY.tmp/target/debug/deps/libacrylius_proto-9b41e143449d1e99.rlib --extern hkdf=/tmp/cargo-mutants-acrylius-DSWymY.tmp/target/debug/deps/libhkdf-c93853d61f869e75.rlib --extern minicbor=/tmp/cargo-mutants-acrylius-DSWymY.tmp/target/debug/deps/libminicbor-5d980ed9606f28a3.rlib --extern sha2=/tmp/cargo-mutants-acrylius-DSWymY.tmp/target/debug/deps/libsha2-315e5af5d5b6fba0.rlib --extern snow=/tmp/cargo-mutants-acrylius-DSWymY.tmp/target/debug/deps/libsnow-702102b113c9e790.rlib --extern thiserror=/tmp/cargo-mutants-acrylius-DSWymY.tmp/target/debug/deps/libthiserror-030a32e56ed4cd4a.rlib --extern tracing=/tmp/cargo-mutants-acrylius-DSWymY.tmp/target/debug/deps/libtracing-2c53f95a51bb1867.rlib --extern x25519_dalek=/tmp/cargo-mutants-acrylius-DSWymY.tmp/target/debug/deps/libx25519_dalek-a1afcf7fc0767d4f.rlib -L native=/tmp/cargo-mutants-acrylius-DSWymY.tmp/target/debug/build/ring-7aa863b0e8d94f2f/out`
     Running `rustc --crate-name acrylius_core --edition=2024 crates/acrylius-core/src/lib.rs --error-format=json --json=diagnostic-rendered-ansi,artifacts,future-incompat --crate-type lib --emit=dep-info,metadata,link -C embed-bitcode=no -C debuginfo=2 '--deny=clippy::all' --forbid=unsafe_code --check-cfg 'cfg(docsrs,test)' --check-cfg 'cfg(feature, values())' -C metadata=444654ecbbeba1c0 -C extra-filename=-882191bac8c538f4 --out-dir /tmp/cargo-mutants-acrylius-DSWymY.tmp/target/debug/deps -C incremental=/tmp/cargo-mutants-acrylius-DSWymY.tmp/target/debug/incremental -L dependency=/tmp/cargo-mutants-acrylius-DSWymY.tmp/target/debug/deps --extern acrylius_proto=/tmp/cargo-mutants-acrylius-DSWymY.tmp/target/debug/deps/libacrylius_proto-9b41e143449d1e99.rmeta --extern hkdf=/tmp/cargo-mutants-acrylius-DSWymY.tmp/target/debug/deps/libhkdf-c93853d61f869e75.rmeta --extern minicbor=/tmp/cargo-mutants-acrylius-DSWymY.tmp/target/debug/deps/libminicbor-5d980ed9606f28a3.rmeta --extern sha2=/tmp/cargo-mutants-acrylius-DSWymY.tmp/target/debug/deps/libsha2-315e5af5d5b6fba0.rmeta --extern snow=/tmp/cargo-mutants-acrylius-DSWymY.tmp/target/debug/deps/libsnow-702102b113c9e790.rmeta --extern thiserror=/tmp/cargo-mutants-acrylius-DSWymY.tmp/target/debug/deps/libthiserror-030a32e56ed4cd4a.rmeta --extern tracing=/tmp/cargo-mutants-acrylius-DSWymY.tmp/target/debug/deps/libtracing-2c53f95a51bb1867.rmeta --extern x25519_dalek=/tmp/cargo-mutants-acrylius-DSWymY.tmp/target/debug/deps/libx25519_dalek-a1afcf7fc0767d4f.rmeta -L native=/tmp/cargo-mutants-acrylius-DSWymY.tmp/target/debug/build/ring-7aa863b0e8d94f2f/out`
warning: unused variable: `link`
   --> crates/acrylius-core/src/core.rs:880:42
    |
880 |     fn pairing_attempt_failed(&mut self, link: LinkId, out: &mut Outcome) {
    |                                          ^^^^ help: if this is intentional, prefix it with an underscore: `_link`
    |
    = note: `#[warn(unused_variables)]` (part of `#[warn(unused)]`) on by default

warning: unused variable: `out`
   --> crates/acrylius-core/src/core.rs:880:56
    |
880 |     fn pairing_attempt_failed(&mut self, link: LinkId, out: &mut Outcome) {
    |                                                        ^^^ help: if this is intentional, prefix it with an underscore: `_out`

warning: field `attempts` is never read
   --> crates/acrylius-core/src/core.rs:107:5
    |
104 | struct PairingWindow {
    |        ------------- field in this struct
...
107 |     attempts: u8,
    |     ^^^^^^^^
    |
    = note: `#[warn(dead_code)]` (part of `#[warn(unused)]`) on by default

warning: `acrylius-core` (lib test) generated 3 warnings (3 duplicates)
warning: `acrylius-core` (lib) generated 3 warnings (run `cargo fix --lib -p acrylius-core` to apply 2 suggestions)
     Running `rustc --crate-name loopback --edition=2024 crates/acrylius-core/tests/loopback.rs --error-format=json --json=diagnostic-rendered-ansi,artifacts,future-incompat --emit=dep-info,link -C embed-bitcode=no -C debuginfo=2 '--deny=clippy::all' --forbid=unsafe_code --test --check-cfg 'cfg(docsrs,test)' --check-cfg 'cfg(feature, values())' -C metadata=d10e143eaa39632a -C extra-filename=-c4994682347c794d --out-dir /tmp/cargo-mutants-acrylius-DSWymY.tmp/target/debug/deps -C incremental=/tmp/cargo-mutants-acrylius-DSWymY.tmp/target/debug/incremental -L dependency=/tmp/cargo-mutants-acrylius-DSWymY.tmp/target/debug/deps --extern acrylius_core=/tmp/cargo-mutants-acrylius-DSWymY.tmp/target/debug/deps/libacrylius_core-882191bac8c538f4.rlib --extern acrylius_proto=/tmp/cargo-mutants-acrylius-DSWymY.tmp/target/debug/deps/libacrylius_proto-9b41e143449d1e99.rlib --extern hkdf=/tmp/cargo-mutants-acrylius-DSWymY.tmp/target/debug/deps/libhkdf-c93853d61f869e75.rlib --extern minicbor=/tmp/cargo-mutants-acrylius-DSWymY.tmp/target/debug/deps/libminicbor-5d980ed9606f28a3.rlib --extern sha2=/tmp/cargo-mutants-acrylius-DSWymY.tmp/target/debug/deps/libsha2-315e5af5d5b6fba0.rlib --extern snow=/tmp/cargo-mutants-acrylius-DSWymY.tmp/target/debug/deps/libsnow-702102b113c9e790.rlib --extern thiserror=/tmp/cargo-mutants-acrylius-DSWymY.tmp/target/debug/deps/libthiserror-030a32e56ed4cd4a.rlib --extern tracing=/tmp/cargo-mutants-acrylius-DSWymY.tmp/target/debug/deps/libtracing-2c53f95a51bb1867.rlib --extern x25519_dalek=/tmp/cargo-mutants-acrylius-DSWymY.tmp/target/debug/deps/libx25519_dalek-a1afcf7fc0767d4f.rlib -L native=/tmp/cargo-mutants-acrylius-DSWymY.tmp/target/debug/build/ring-7aa863b0e8d94f2f/out`
    Finished `test` profile [unoptimized + debuginfo] target(s) in 0.94s
  Executable `/tmp/cargo-mutants-acrylius-DSWymY.tmp/target/debug/deps/acrylius_core-fe560969f6fd3877`
  Executable `/tmp/cargo-mutants-acrylius-DSWymY.tmp/target/debug/deps/loopback-c4994682347c794d`

*** result: Success

*** /usr/bin/cargo test --verbose --package=acrylius-core@0.1.0
       Fresh version_check v0.9.5
       Fresh unicode-ident v1.0.24
       Fresh typenum v1.20.1
       Fresh subtle v2.6.1
       Fresh cfg-if v1.0.4
       Fresh cpufeatures v0.2.17
       Fresh semver v1.0.28
       Fresh opaque-debug v0.3.1
       Fresh find-msvc-tools v0.1.11
       Fresh shlex v2.0.1
       Fresh proc-macro2 v1.0.107
       Fresh rustc_version v0.4.1
       Fresh cc v1.4.4
       Fresh untrusted v0.9.0
       Fresh once_cell v1.21.4
       Fresh pin-project-lite v0.2.17
       Fresh rand_core v0.6.4
       Fresh generic-array v0.14.7
       Fresh quote v1.0.47
       Fresh libc v0.2.189
       Fresh tracing-core v0.1.36
       Fresh crypto-common v0.1.7
       Fresh syn v2.0.119
       Fresh inout v0.1.4
       Fresh block-buffer v0.10.4
       Fresh syn v3.0.4
       Fresh getrandom v0.2.17
       Fresh getrandom v0.3.4
       Fresh zeroize_derive v1.5.0
       Fresh universal-hash v0.5.1
       Fresh digest v0.10.7
       Fresh aead v0.5.2
       Fresh curve25519-dalek-derive v0.1.1
       Fresh thiserror-impl v2.0.20
       Fresh minicbor-derive v0.19.5
       Fresh ring v0.17.14
       Fresh tracing-attributes v0.1.31
       Fresh zeroize v1.9.0
       Fresh poly1305 v0.8.0
       Fresh polyval v0.6.2
       Fresh sha2 v0.10.9
       Fresh hmac v0.12.1
       Fresh thiserror v2.0.20
       Fresh blake2 v0.10.6
       Fresh minicbor v2.3.0
       Fresh tracing v0.1.44
       Fresh cipher v0.4.4
       Fresh curve25519-dalek v4.1.3
       Fresh ghash v0.5.1
       Fresh hkdf v0.12.4
       Fresh chacha20 v0.9.1
       Fresh ctr v0.9.2
       Fresh aes v0.8.4
       Fresh x25519-dalek v2.0.1
       Fresh chacha20poly1305 v0.10.1
       Fresh aes-gcm v0.10.3
       Fresh acrylius-proto v0.1.0 (/tmp/cargo-mutants-acrylius-DSWymY.tmp/crates/acrylius-proto)
       Fresh snow v0.10.0
warning: unused variable: `link`
   --> crates/acrylius-core/src/core.rs:880:42
    |
880 |     fn pairing_attempt_failed(&mut self, link: LinkId, out: &mut Outcome) {
    |                                          ^^^^ help: if this is intentional, prefix it with an underscore: `_link`
    |
    = note: `#[warn(unused_variables)]` (part of `#[warn(unused)]`) on by default

warning: unused variable: `out`
   --> crates/acrylius-core/src/core.rs:880:56
    |
880 |     fn pairing_attempt_failed(&mut self, link: LinkId, out: &mut Outcome) {
    |                                                        ^^^ help: if this is intentional, prefix it with an underscore: `_out`

warning: field `attempts` is never read
   --> crates/acrylius-core/src/core.rs:107:5
    |
104 | struct PairingWindow {
    |        ------------- field in this struct
...
107 |     attempts: u8,
    |     ^^^^^^^^
    |
    = note: `#[warn(dead_code)]` (part of `#[warn(unused)]`) on by default

warning: `acrylius-core` (lib) generated 3 warnings (run `cargo fix --lib -p acrylius-core` to apply 2 suggestions)
warning: `acrylius-core` (lib test) generated 3 warnings (3 duplicates)
       Fresh acrylius-core v0.1.0 (/tmp/cargo-mutants-acrylius-DSWymY.tmp/crates/acrylius-core)
    Finished `test` profile [unoptimized + debuginfo] target(s) in 0.06s
     Running `/tmp/cargo-mutants-acrylius-DSWymY.tmp/target/debug/deps/acrylius_core-fe560969f6fd3877`

running 71 tests
test link::tests::two_transports_counting_from_one_do_not_collide ... ok
test link::tests::a_counter_that_overflows_its_field_stays_in_its_own_transport ... ok
test link::tests::a_lossy_link_may_not_use_a_stateful_cipher ... ok
test noise::tests::a_pairing_handshake_cannot_be_answered_as_a_session ... ok
test noise::tests::an_incomplete_handshake_cannot_become_a_session ... ok
test noise::tests::identity_debug_never_leaks_the_private_half ... ok
test noise::tests::a_session_needs_the_right_peer_static_key ... ok
test noise::tests::a_wrong_pairing_code_fails_at_the_very_first_message ... ok
test noise::tests::identity_derives_a_stable_public_half ... ok
test noise::tests::a_session_carries_messages_both_ways ... ok
test noise::tests::a_pairing_peer_is_unknown_until_the_pattern_transmits_it ... ok
test noise::tests::the_handshake_hash_is_refused_before_completion ... ok
test noise::tests::the_prologue_separates_the_two_modes ... ok
test plugins::clipboard::tests::a_hash_that_does_not_match_the_data_is_refused ... ok
test plugins::clipboard::tests::a_local_change_is_offered_to_every_peer ... ok
test plugins::clipboard::tests::a_push_is_applied_and_surfaced ... ok
test plugins::clipboard::tests::an_answer_to_our_own_get_is_not_an_unsolicited_push ... ok
test noise::tests::a_lossy_link_is_refused_a_stateful_session ... ok
test noise::tests::a_session_needs_the_right_psk ... ok
test plugins::clipboard::tests::an_unsolicited_push_still_obeys_the_receive_switch ... ok
test plugins::clipboard::tests::an_unknown_mime_is_refused ... ok
test plugins::clipboard::tests::each_direction_can_be_switched_off_independently ... ok
test noise::tests::a_tampered_ciphertext_is_refused ... ok
test noise::identify_tests::identifying_does_not_let_a_wrong_psk_slip_through ... ok
test plugins::clipboard::tests::get_answers_with_the_current_contents ... ok
test plugins::clipboard::tests::the_send_switch_does_not_veto_a_person ... ok
test plugins::command::tests::a_body_that_is_not_a_run_request_is_refused ... ok
test plugins::command::tests::a_machine_offering_no_commands_refuses_everything ... ok
test plugins::command::tests::an_id_that_is_not_in_the_catalog_never_reaches_the_host ... ok
test noise::identify_tests::identify_learns_the_caller_and_the_real_handshake_still_completes ... ok
test plugins::command::tests::a_machine_with_no_commands_offers_nothing ... ok
test plugins::command::tests::the_catalog_is_offered_on_connect ... ok
test plugins::command::tests::running_a_listed_command_reaches_the_host ... ok
test plugins::media::tests::a_bare_verb_needs_no_body ... ok
test plugins::media::tests::a_command_is_answered_with_what_happened_to_the_music ... ok
test plugins::media::tests::a_device_with_nothing_to_control_says_so ... ok
test plugins::media::tests::a_peer_that_connects_is_told_what_is_playing ... ok
test plugins::media::tests::a_volume_outside_the_range_is_refused_here ... ok
test plugins::media::tests::an_unknown_verb_is_named_in_the_error ... ok
test plugins::media::tests::a_track_playing_on_does_not_announce_itself_every_second ... ok
test plugins::media::tests::seek_is_relative_and_may_go_backwards ... ok
test plugins::session::tests::a_host_without_a_session_answers_not_allowed ... ok
test plugins::media::tests::nothing_is_broadcast_when_nothing_changed ... ok
test noise::tests::a_replayed_session_message_is_refused ... ok
test plugins::media::tests::a_command_may_name_its_player ... ok
test plugins::session::tests::a_state_change_is_broadcast_only_when_it_changed ... ok
test plugins::session::tests::an_unknown_verb_is_named_in_the_error ... ok
test plugins::session::tests::lock_asks_the_host_and_answers_the_request ... ok
test plugins::session::tests::locking_an_already_locked_session_is_a_success ... ok
test plugins::share::tests::a_finished_transfer_is_forgotten_on_both_sides ... ok
test plugins::share::tests::a_peer_going_away_takes_its_transfers_with_it ... ok
test plugins::share::tests::a_sender_dials_the_endpoint_it_was_given ... ok
test plugins::share::tests::accepting_asks_for_somewhere_to_listen_before_answering ... ok
test plugins::share::tests::an_endpoint_for_a_transfer_we_never_offered_is_refused ... ok
test plugins::share::tests::an_offer_is_not_accepted_by_itself ... ok
test plugins::share::tests::an_offer_with_no_name_is_refused ... ok
test plugins::share::tests::rejecting_answers_the_offer_and_forgets_it ... ok
test plugins::share::tests::something_absurdly_large_is_refused_at_the_offer ... ok
test plugins::wol::tests::a_mac_that_is_not_a_mac_is_refused ... ok
test plugins::wol::tests::a_machine_with_nothing_to_offer_stays_quiet ... ok
test plugins::wol::tests::config_is_offered_without_being_asked_for ... ok
test plugins::wol::tests::relaying_to_an_allowlisted_mac_sends_a_packet ... ok
test plugins::wol::tests::relaying_to_anything_else_is_refused ... ok
test noise::tests::both_ends_display_the_same_sas ... ok
test plugins::wol::tests::the_allowlist_ignores_how_a_mac_is_punctuated ... ok
test plugins::clipboard::tests::clipboard_flapping_does_not_loop ... ok
test noise::tests::session_completes_in_one_round_trip ... ok
test noise::tests::oversized_input_is_rejected_before_snow_sees_it ... ok
test noise::tests::pairing_completes_and_both_sides_agree_on_the_hash ... ok
test plugins::clipboard::tests::oversized_content_is_refused_not_truncated ... ok
test noise::tests::messages_are_not_interchangeable_between_sessions ... ok

test result: ok. 71 passed; 0 failed; 0 ignored; 0 measured; 0 filtered out; finished in 0.01s

     Running `/tmp/cargo-mutants-acrylius-DSWymY.tmp/target/debug/deps/loopback-c4994682347c794d`

running 31 tests
test a_device_already_reached_is_not_dialled_again ... ok
test a_dial_that_fails_falls_through_to_the_next_route ... ok
test a_link_that_cannot_carry_files_refuses_instead_of_listening ... ok
test a_file_is_offered_accepted_and_finished ... ok
test a_link_that_can_carry_files_is_left_alone ... ok
test a_device_with_nowhere_to_put_a_file_refuses_at_once ... ok
test a_better_transport_is_taken_even_while_a_worse_one_is_working ... ok
test a_peer_is_unreachable_only_once_every_route_has_failed ... ok
test a_wrong_pairing_code_does_not_pair ... ok
test a_pairing_window_closes_after_too_many_wrong_codes ... FAILED
test a_paired_peer_can_open_a_session_and_ping ... ok
test a_hello_no_newer_than_the_last_one_is_refused ... ok
test a_sighting_on_one_transport_does_not_evict_another ... ok
test capabilities_are_negotiated_not_assumed ... ok
test pairing_is_refused_when_no_window_is_open ... ok
test a_peer_with_no_address_explains_itself ... ok
test a_file_sends_again_once_wi_fi_takes_over_from_bluetooth ... ok
test a_body_too_large_for_the_link_is_refused_not_sent ... ok
test the_pairing_window_expires_on_the_hosts_clock ... ok
test a_message_goes_to_the_peer_it_is_addressed_to ... ok
test a_session_survives_two_machines_with_different_uptimes ... ok
test refusing_the_sas_pairs_nobody ... ok
test nothing_is_listened_for_until_a_person_says_yes ... ok
test a_worse_transport_takes_over_when_the_better_one_dies ... ok
test an_endpoint_nobody_offered_is_not_dialled ... ok
test an_address_seen_before_pairing_is_not_lost ... ok
test pairing_records_the_address_it_proved ... ok
test two_cores_pair_and_agree_on_everything ... ok
test an_unpaired_stranger_cannot_open_a_session ... ok
test rejecting_an_offer_tells_the_sender_and_opens_nothing ... ok
test seeing_a_paired_device_is_enough_to_reach_it ... ok

failures:

---- a_pairing_window_closes_after_too_many_wrong_codes stdout ----

thread 'a_pairing_window_closes_after_too_many_wrong_codes' (284374) panicked at crates/acrylius-core/tests/loopback.rs:674:5:
the window is still open after 3 wrong codes
note: run with `RUST_BACKTRACE=1` environment variable to display a backtrace


failures:
    a_pairing_window_closes_after_too_many_wrong_codes

test result: FAILED. 30 passed; 1 failed; 0 ignored; 0 measured; 0 filtered out; finished in 0.04s

error: test failed, to rerun pass `-p acrylius-core --test loopback`

*** result: Failure(101)
